
 Date: Sun Aug 18 12:54:10 2024 -0400
 10 files changed, 64 insertions(+), 14 deletions(-)
PS D:\CodingSpace\hellofriend> git status
On branch main
Your branch is ahead of 'origin/main' by 1 commit.
  (use "git push" to publish your local commits)

nothing to commit, working tree clean
PS D:\CodingSpace\hellofriend> git push -u origin main
Enumerating objects: 31, done.
Counting objects: 100% (31/31), done.
Delta compression using up to 2 threads
Compressing objects: 100% (18/18), done.
Writing objects: 100% (18/18), 32.09 KiB | 1.19 MiB/s, done.
Total 18 (delta 13), reused 0 (delta 0), pack-reused 0
remote: Resolving deltas: 100% (13/13), completed with 13 local objects.
remote: error: GH013: Repository rule violations found for refs/heads/main.
remote:
remote: - GITHUB PUSH PROTECTION
remote:   —————————————————————————————————————————
remote:     Resolve the following violations before pushing again
remote:
remote:     - Push cannot contain secrets
remote:
remote:
remote:      (?) Learn how to resolve a blocked push
remote:      DocsUrlConfig.url_for("code-security/working-with-push-protection-from-the-command-line-resolving-a-blocked-push")
remote:
remote:
remote:       —— Amazon AWS Access Key ID ——————————————————————————
remote:        locations:
remote:          - commit: 35e75c6bc8d9fc8e2e38e1a8b7b0e2917480cc49
remote:            path: hellofriend/hfroot/hfroot/__pycache__/settings.cpython-311.pyc:14
remote:
remote:        (?) To push, remove secret from commit(s) or follow this URL to allow the secret.
remote:        https://github.com/zandra-handz/hellofriendFS/security/secret-scanning/unblock-secret/2kq95V78Kqjzn06oOCv4DxV4ran
remote:
remote:
remote:       —— Amazon AWS Secret Access Key ——————————————————————
remote:        locations:
remote:          - commit: 35e75c6bc8d9fc8e2e38e1a8b7b0e2917480cc49
remote:            path: hellofriend/hfroot/hfroot/__pycache__/settings.cpython-311.pyc:14
remote:
remote:        (?) To push, remove secret from commit(s) or follow this URL to allow the secret.
remote:        https://github.com/zandra-handz/hellofriendFS/security/secret-scanning/unblock-secret/2kq95VDEg6j64Eyynkf1NXabx9m
remote:
remote:
remote:
To https://github.com/zandra-handz/hellofriendFS.git
 ! [remote rejected] main -> main (push declined due to repository rule violations)
error: failed to push some refs to 'https://github.com/zandra-handz/hellofriendFS.git'
PS D:\CodingSpace\hellofriend> git commit --amend
[main 5ba41a9] edded upcoming light endpoint and removed key
 Date: Sun Aug 18 12:54:10 2024 -0400
 10 files changed, 64 insertions(+), 14 deletions(-)
PS D:\CodingSpace\hellofriend>
PS D:\CodingSpace\hellofriend> git rm hellofriend/hfroot/hfroot/settings.py
rm 'hellofriend/hfroot/hfroot/settings.py'
PS D:\CodingSpace\hellofriend> git add hellofriend/hfroot/hfroot/settings.py
fatal: pathspec 'hellofriend/hfroot/hfroot/settings.py' did not match any files
PS D:\CodingSpace\hellofriend> git commit --amend --no-edit
[main 8f6103a] edded upcoming light endpoint and removed key
 Date: Sun Aug 18 12:54:10 2024 -0400
 10 files changed, 62 insertions(+), 272 deletions(-)
 delete mode 100644 hellofriend/hfroot/hfroot/settings.py
PS D:\CodingSpace\hellofriend> git push -u origin main
Enumerating objects: 29, done.
Counting objects: 100% (29/29), done.
Delta compression using up to 2 threads
Compressing objects: 100% (17/17), done.
Writing objects: 100% (17/17), 32.02 KiB | 1.33 MiB/s, done.
Total 17 (delta 12), reused 0 (delta 0), pack-reused 0
remote: Resolving deltas: 100% (12/12), completed with 12 local objects.
remote: error: GH013: Repository rule violations found for refs/heads/main.
remote:
remote: - GITHUB PUSH PROTECTION
remote:   —————————————————————————————————————————
remote:     Resolve the following violations before pushing again
remote:
remote:     - Push cannot contain secrets
remote:
remote:
remote:      (?) Learn how to resolve a blocked push
remote:      DocsUrlConfig.url_for("code-security/working-with-push-protection-from-the-command-line-resolving-a-blocked-push")
remote:
remote:
remote:       —— Amazon AWS Access Key ID ——————————————————————————
remote:        locations:
remote:          - commit: 8f6103a50d4d61325920a8aa557645865f15f808
remote:            path: hellofriend/hfroot/hfroot/__pycache__/settings.cpython-311.pyc:14
remote:
remote:        (?) To push, remove secret from commit(s) or follow this URL to allow the secret.
remote:        https://github.com/zandra-handz/hellofriendFS/security/secret-scanning/unblock-secret/2kq95V78Kqjzn06oOCv4DxV4ran
remote:
remote:
remote:       —— Amazon AWS Secret Access Key ——————————————————————
remote:        locations:
remote:          - commit: 8f6103a50d4d61325920a8aa557645865f15f808
remote:            path: hellofriend/hfroot/hfroot/__pycache__/settings.cpython-311.pyc:14
remote:
remote:        (?) To push, remove secret from commit(s) or follow this URL to allow the secret.
remote:        https://github.com/zandra-handz/hellofriendFS/security/secret-scanning/unblock-secret/2kq95VDEg6j64Eyynkf1NXabx9m
remote:
remote:
remote:
To https://github.com/zandra-handz/hellofriendFS.git
 ! [remote rejected] main -> main (push declined due to repository rule violations)
error: failed to push some refs to 'https://github.com/zandra-handz/hellofriendFS.git'
PS D:\CodingSpace\hellofriend> git reset HEAD hellofriend/hfroot/hfroot/__pycache__/settings.cpython-311.pyc
>>
PS D:\CodingSpace\hellofriend> git rm --cached hellofriend/hfroot/hfroot/__pycache__/settings.cpython-311.pyc
>>
rm 'hellofriend/hfroot/hfroot/__pycache__/settings.cpython-311.pyc'
PS D:\CodingSpace\hellofriend> git filter-branch --force --index-filter \
>>   'git rm --cached --ignore-unmatch hellofriend/hfroot/hfroot/__pycache__/settings.cpython-311.pyc' \
>>   --prune-empty --tag-name-filter cat -- --all
At line:2 char:101
+ ... tch hellofriend/hfroot/hfroot/__pycache__/settings.cpython-311.pyc' \
+                                                                         ~
Unexpected token '\' in expression or statement.
At line:3 char:5
+   --prune-empty --tag-name-filter cat -- --all
+     ~
Missing expression after unary operator '--'.
At line:3 char:5
+   --prune-empty --tag-name-filter cat -- --all
+     ~~~~~~~~~~~
Unexpected token 'prune-empty' in expression or statement.
    + CategoryInfo          : ParserError: (:) [], ParentContainsErrorRecordException
    + FullyQualifiedErrorId : UnexpectedToken
 
PS D:\CodingSpace\hellofriend> git commit --amend
>>
[main 94e47ae] edded upcoming light endpoint and removed key
 Date: Sun Aug 18 12:54:10 2024 -0400
 10 files changed, 62 insertions(+), 272 deletions(-)
 delete mode 100644 hellofriend/hfroot/hfroot/__pycache__/settings.cpython-311.pyc
 delete mode 100644 hellofriend/hfroot/hfroot/settings.py
PS D:\CodingSpace\hellofriend> git log --stat -1
>>
commit 94e47ae002cb5a9c42be0745c8c1eb5a1da146a0 (HEAD -> main)
Author: zandra-handz <taylorcolegrove@gmail.com>
Date:   Sun Aug 18 12:54:10 2024 -0400

    edded upcoming light endpoint and removed key

 .../friends/__pycache__/models.cpython-311.pyc     | Bin 40618 -> 41386 bytes
 .../__pycache__/serializers.cpython-311.pyc        | Bin 20416 -> 21103 bytes
 .../friends/__pycache__/urls.cpython-311.pyc       | Bin 8144 -> 8303 bytes
 .../friends/__pycache__/views.cpython-311.pyc      | Bin 52797 -> 54070 bytes
 hellofriend/hfroot/friends/models.py               |  27 ++-
 hellofriend/hfroot/friends/serializers.py          |  13 +
 hellofriend/hfroot/friends/urls.py                 |   3 +-
 hellofriend/hfroot/friends/views.py                |  30 +++
 .../hfroot/__pycache__/settings.cpython-311.pyc    | Bin 4901 -> 0 bytes
 hellofriend/hfroot/hfroot/settings.py              | 261 ---------------------
 10 files changed, 62 insertions(+), 272 deletions(-)
PS D:\CodingSpace\hellofriend> git push origin main --force
>>
Enumerating objects: 28, done.
Counting objects: 100% (28/28), done.
Delta compression using up to 2 threads
Compressing objects: 100% (16/16), done.
Writing objects: 100% (16/16), 29.16 KiB | 1.46 MiB/s, done.
Total 16 (delta 12), reused 0 (delta 0), pack-reused 0
remote: Resolving deltas: 100% (12/12), completed with 12 local objects.
To https://github.com/zandra-handz/hellofriendFS.git
   fcb7f8e..94e47ae  main -> main
PS D:\CodingSpace\hellofriend>